2017-03-07 19:27:20.832 9029 DEBUG neutron.db.l3_hamode_db [req-270d3abb-e482-477f-9382-52f31ac8987d - -] neutron.services.l3_router.l3_router_plugin.L3RouterPlugin method _process_sync_ha_data called with arguments (<neutron.context.Context object at 0x7f2c5e7feb50>, [{'status': u'ACTIVE', '_interfaces': [{'status': u'DOWN', 'subnets': [{'dns_nameservers': [], 'ipv6_ra_mode': u'slaac', 'gateway_ip': u'fd81:e9bb:efcc::1', 'cidr': u'fd81:e9bb:efcc::/64', 'id': u'01c5b75e-d436-4a0e-aa6f-2f26f731ae27', 'subnetpool_id': None}], 'binding:host_id': u'CNODE3', 'description': u'', 'allowed_address_pairs': [], 'extra_dhcp_opts': [], 'updated_at': '2017-03-07T10:27:19', 'device_owner': u'network:router_interface', 'port_security_enabled': False, 'binding:profile': {}, 'mtu': 1450, 'fixed_ips': [{'subnet_id': u'01c5b75e-d436-4a0e-aa6f-2f26f731ae27', 'prefixlen': 64, 'ip_address': u'fd81:e9bb:efcc::1'}], 'id': u'42b0f722-656b-4931-b232-f34a93bf24c9', 'security_groups': [], 'device_id': u'4145b954-e2c7-4598-88f1-ac89166531c1', 'name': u'', 'admin_state_up': True, 'network_id': u'e9c73c8a-3324-42b3-b32b-9352d852b1b4', 'dns_name': None, 'binding:vif_details': {u'port_filter': True, u'ovs_hybrid_plug': False}, 'address_scopes': {4: None, 6: None}, 'binding:vnic_type': u'normal', 'binding:vif_type': u'ovs', 'tenant_id': u'5c9e7c138d714aaab1fde5cb62fc154e', 'mac_address': u'fa:16:3e:f8:eb:31', 'extra_subnets': [{'dns_nameservers': [], 'ipv6_ra_mode': None, 'gateway_ip': u'10.0.0.1', 'cidr': u'10.0.0.0/24', 'id': u'c39a060c-7d54-48f4-a844-fa64da3b9910', 'subnetpool_id': None}], 'created_at': '2017-03-07T10:27:18'}, {'status': u'ACTIVE', 'subnets': [{'dns_nameservers': [], 'ipv6_ra_mode': None, 'gateway_ip': u'10.0.0.1', 'cidr': u'10.0.0.0/24', 'id': u'c39a060c-7d54-48f4-a844-fa64da3b9910', 'subnetpool_id': None}], 'binding:host_id': u'CNODE3', 'description': u'', 'allowed_address_pairs': [], 'extra_dhcp_opts': [], 'updated_at': '2017-03-07T10:27:15', 'device_owner': u'network:router_interface', 'port_security_enabled': False, 'binding:profile': {}, 'mtu': 1450, 'fixed_ips': [{'subnet_id': u'c39a060c-7d54-48f4-a844-fa64da3b9910', 'prefixlen': 24, 'ip_address': u'10.0.0.1'}], 'id': u'5fc12105-8984-49cb-affe-dd59b1fb4d2e', 'security_groups': [], 'device_id': u'4145b954-e2c7-4598-88f1-ac89166531c1', 'name': u'', 'admin_state_up': True, 'network_id': u'e9c73c8a-3324-42b3-b32b-9352d852b1b4', 'dns_name': None, 'binding:vif_details': {u'port_filter': True, u'ovs_hybrid_plug': False}, 'address_scopes': {4: None, 6: None}, 'binding:vnic_type': u'normal', 'binding:vif_type': u'ovs', 'tenant_id': u'5c9e7c138d714aaab1fde5cb62fc154e', 'mac_address': u'fa:16:3e:ea:c4:b8', 'extra_subnets': [{'dns_nameservers': [], 'ipv6_ra_mode': u'slaac', 'gateway_ip': u'fd81:e9bb:efcc::1', 'cidr': u'fd81:e9bb:efcc::/64', 'id': u'01c5b75e-d436-4a0e-aa6f-2f26f731ae27', 'subnetpool_id': None}], 'created_at': '2017-03-07T10:27:12'}], 'enable_snat': True, 'ha_vr_id': 0, 'description': u'', 'gw_port': {'status': u'ACTIVE', 'subnets': [{'dns_nameservers': [], 'ipv6_ra_mode': None, 'gateway_ip': u'172.24.4.1', 'cidr': u'172.24.4.0/24', 'id': u'1d212bc5-a649-41c8-8f04-39a19a2a03a0', 'subnetpool_id': None}, {'dns_nameservers': [], 'ipv6_ra_mode': None, 'gateway_ip': u'2001:db8::2', 'cidr': u'2001:db8::/64', 'id': u'020f355b-9a80-4361-a421-0dae7cf758c9', 'subnetpool_id': None}], 'binding:host_id': u'CNODE3', 'description': u'', 'allowed_address_pairs': [], 'extra_dhcp_opts': [], 'updated_at': '2017-03-07T10:27:16', 'device_owner': u'network:router_gateway', 'port_security_enabled': False, 'binding:profile': {}, 'mtu': 1450, 'fixed_ips': [{'subnet_id': u'1d212bc5-a649-41c8-8f04-39a19a2a03a0', 'prefixlen': 24, 'ip_address': u'172.24.4.2'}, {'subnet_id': u'020f355b-9a80-4361-a421-0dae7cf758c9', 'prefixlen': 64, 'ip_address': u'2001:db8::3'}], 'id': u'73e6b619-efee-4427-9abc-679da144b048', 'security_groups': [], 'device_id': u'4145b954-e2c7-4598-88f1-ac89166531c1', 'name': u'', 'admin_state_up': True, 'network_id': u'ec8a4216-6587-4106-8c28-13d7d071896a', 'dns_name': None, 'binding:vif_details': {u'port_filter': True, u'ovs_hybrid_plug': False}, 'address_scopes': {4: None, 6: None}, 'binding:vnic_type': u'normal', 'binding:vif_type': u'ovs', 'tenant_id': u'', 'mac_address': u'fa:16:3e:fb:12:0e', 'extra_subnets': [], 'created_at': '2017-03-07T10:27:15'}, 'ha': False, 'id': u'4145b954-e2c7-4598-88f1-ac89166531c1', 'gw_port_host': u'CNODE3', 'external_gateway_info': {'network_id': u'ec8a4216-6587-4106-8c28-13d7d071896a', 'enable_snat': True, 'external_fixed_ips': [{'subnet_id': u'1d212bc5-a649-41c8-8f04-39a19a2a03a0', 'ip_address': u'172.24.4.2'}, {'subnet_id': u'020f355b-9a80-4361-a421-0dae7cf758c9', 'ip_address': u'2001:db8::3'}]}, 'availability_zone_hints': [], 'availability_zones': [u'nova'], 'name': u'router1', 'gw_port_id': u'73e6b619-efee-4427-9abc-679da144b048', 'admin_state_up': True, 'tenant_id': u'5c9e7c138d714aaab1fde5cb62fc154e', 'distributed': False, 'routes': []}], u'CNODE3', u'legacy') {} wrapper /usr/local/lib/python2.7/dist-packages/oslo_log/helpers.py:45
2017-03-07 19:27:20.834 9029 DEBUG neutron.api.rpc.handlers.l3_rpc [req-270d3abb-e482-477f-9382-52f31ac8987d - -] Checking router: 4145b954-e2c7-4598-88f1-ac89166531c1 for host: CNODE3 _ensure_host_set_on_ports /opt/stack/neutron/neutron/api/rpc/handlers/l3_rpc.py:108
2017-03-07 19:27:20.834 9029 DEBUG neutron.api.rpc.handlers.l3_rpc [req-270d3abb-e482-477f-9382-52f31ac8987d - -] Routers returned to l3 agent:
 [
     {
          "status": "ACTIVE", 
          "_interfaces": [
               {
                    "status": "DOWN", 
                    "subnets": [
                         {
                              "dns_nameservers": [], 
                              "ipv6_ra_mode": "slaac", 
                              "gateway_ip": "fd81:e9bb:efcc::1", 
                              "cidr": "fd81:e9bb:efcc::/64", 
                              "id": "01c5b75e-d436-4a0e-aa6f-2f26f731ae27", 
                              "subnetpool_id": null
                         }
                    ], 
                    "binding:host_id": "CNODE3", 
                    "description": "", 
                    "allowed_address_pairs": [], 
                    "extra_dhcp_opts": [], 
                    "updated_at": "2017-03-07T10:27:19", 
                    "device_owner": "network:router_interface", 
                    "port_security_enabled": false, 
                    "binding:profile": {}, 
                    "mtu": 1450, 
                    "fixed_ips": [
                         {
                              "subnet_id": "01c5b75e-d436-4a0e-aa6f-2f26f731ae27", 
                              "prefixlen": 64, 
                              "ip_address": "fd81:e9bb:efcc::1"
                         }
                    ], 
                    "id": "42b0f722-656b-4931-b232-f34a93bf24c9", 
                    "security_groups": [], 
                    "device_id": "4145b954-e2c7-4598-88f1-ac89166531c1", 
                    "name": "", 
                    "admin_state_up": true, 
                    "network_id": "e9c73c8a-3324-42b3-b32b-9352d852b1b4", 
                    "dns_name": null, 
                    "binding:vif_details": {
                         "port_filter": true, 
                         "ovs_hybrid_plug": false
                    }, 
                    "address_scopes": {
                         "4": null, 
                         "6": null
                    }, 
                    "binding:vnic_type": "normal", 
                    "binding:vif_type": "ovs", 
                    "tenant_id": "5c9e7c138d714aaab1fde5cb62fc154e", 
                    "mac_address": "fa:16:3e:f8:eb:31", 
                    "extra_subnets": [
                         {
                              "dns_nameservers": [], 
                              "ipv6_ra_mode": null, 
                              "gateway_ip": "10.0.0.1", 
                              "cidr": "10.0.0.0/24", 
                              "id": "c39a060c-7d54-48f4-a844-fa64da3b9910", 
                              "subnetpool_id": null
                         }
                    ], 
                    "created_at": "2017-03-07T10:27:18"
               }, 
               {
                    "status": "ACTIVE", 
                    "subnets": [
                         {
                              "dns_nameservers": [], 
                              "ipv6_ra_mode": null, 
                              "gateway_ip": "10.0.0.1", 
                              "cidr": "10.0.0.0/24", 
                              "id": "c39a060c-7d54-48f4-a844-fa64da3b9910", 
                              "subnetpool_id": null
                         }
                    ], 
                    "binding:host_id": "CNODE3", 
                    "description": "", 
                    "allowed_address_pairs": [], 
                    "extra_dhcp_opts": [], 
                    "updated_at": "2017-03-07T10:27:15", 
                    "device_owner": "network:router_interface", 
                    "port_security_enabled": false, 
                    "binding:profile": {}, 
                    "mtu": 1450, 
                    "fixed_ips": [
                         {
                              "subnet_id": "c39a060c-7d54-48f4-a844-fa64da3b9910", 
                              "prefixlen": 24, 
                              "ip_address": "10.0.0.1"
                         }
                    ], 
                    "id": "5fc12105-8984-49cb-affe-dd59b1fb4d2e", 
                    "security_groups": [], 
                    "device_id": "4145b954-e2c7-4598-88f1-ac89166531c1", 
                    "name": "", 
                    "admin_state_up": true, 
                    "network_id": "e9c73c8a-3324-42b3-b32b-9352d852b1b4", 
                    "dns_name": null, 
                    "binding:vif_details": {
                         "port_filter": true, 
                         "ovs_hybrid_plug": false
                    }, 
                    "address_scopes": {
                         "4": null, 
                         "6": null
                    }, 
                    "binding:vnic_type": "normal", 
                    "binding:vif_type": "ovs", 
                    "tenant_id": "5c9e7c138d714aaab1fde5cb62fc154e", 
                    "mac_address": "fa:16:3e:ea:c4:b8", 
                    "extra_subnets": [
                         {
                              "dns_nameservers": [], 
                              "ipv6_ra_mode": "slaac", 
                              "gateway_ip": "fd81:e9bb:efcc::1", 
                              "cidr": "fd81:e9bb:efcc::/64", 
                              "id": "01c5b75e-d436-4a0e-aa6f-2f26f731ae27", 
                              "subnetpool_id": null
                         }
                    ], 
                    "created_at": "2017-03-07T10:27:12"
               }
          ], 
          "enable_snat": true, 
          "ha_vr_id": 0, 
          "description": "", 
          "gw_port": {
               "status": "ACTIVE", 
               "subnets": [
                    {
                         "dns_nameservers": [], 
                         "ipv6_ra_mode": null, 
                         "gateway_ip": "172.24.4.1", 
                         "cidr": "172.24.4.0/24", 
                         "id": "1d212bc5-a649-41c8-8f04-39a19a2a03a0", 
                         "subnetpool_id": null
                    }, 
                    {
                         "dns_nameservers": [], 
                         "ipv6_ra_mode": null, 
                         "gateway_ip": "2001:db8::2", 
                         "cidr": "2001:db8::/64", 
                         "id": "020f355b-9a80-4361-a421-0dae7cf758c9", 
                         "subnetpool_id": null
                    }
               ], 
               "binding:host_id": "CNODE3", 
               "description": "", 
               "allowed_address_pairs": [], 
               "extra_dhcp_opts": [], 
               "updated_at": "2017-03-07T10:27:16", 
               "device_owner": "network:router_gateway", 
               "port_security_enabled": false, 
               "binding:profile": {}, 
               "mtu": 1450, 
               "fixed_ips": [
                    {
                         "subnet_id": "1d212bc5-a649-41c8-8f04-39a19a2a03a0", 
                         "prefixlen": 24, 
                         "ip_address": "172.24.4.2"
                    }, 
                    {
                         "subnet_id": "020f355b-9a80-4361-a421-0dae7cf758c9", 
                         "prefixlen": 64, 
                         "ip_address": "2001:db8::3"
                    }
               ], 
               "id": "73e6b619-efee-4427-9abc-679da144b048", 
               "security_groups": [], 
               "device_id": "4145b954-e2c7-4598-88f1-ac89166531c1", 
               "name": "", 
               "admin_state_up": true, 
               "network_id": "ec8a4216-6587-4106-8c28-13d7d071896a", 
               "dns_name": null, 
               "binding:vif_details": {
                    "port_filter": true, 
                    "ovs_hybrid_plug": false
               }, 
               "address_scopes": {
                    "4": null, 
                    "6": null
               }, 
               "binding:vnic_type": "normal", 
               "binding:vif_type": "ovs", 
               "tenant_id": "", 
               "mac_address": "fa:16:3e:fb:12:0e", 
               "extra_subnets": [], 
               "created_at": "2017-03-07T10:27:15"
          }, 
          "ha": false, 
          "id": "4145b954-e2c7-4598-88f1-ac89166531c1", 
          "gw_port_host": "CNODE3", 
          "external_gateway_info": {
               "network_id": "ec8a4216-6587-4106-8c28-13d7d071896a", 
               "enable_snat": true, 
               "external_fixed_ips": [
                    {
                         "subnet_id": "1d212bc5-a649-41c8-8f04-39a19a2a03a0", 
                         "ip_address": "172.24.4.2"
                    }, 
                    {
                         "subnet_id": "020f355b-9a80-4361-a421-0dae7cf758c9", 
                         "ip_address": "2001:db8::3"
                    }
               ]
          }, 
          "availability_zone_hints": [], 
          "availability_zones": [
               "nova"
          ], 
          "name": "router1", 
          "gw_port_id": "73e6b619-efee-4427-9abc-679da144b048", 
          "admin_state_up": true, 
          "tenant_id": "5c9e7c138d714aaab1fde5cb62fc154e", 
          "distributed": false, 
          "routes": []
     }
] sync_routers /opt/stack/neutron/neutron/api/rpc/handlers/l3_rpc.py:102
2017-03-07 19:27:20.836 9029 DEBUG oslo_messaging._drivers.amqpdriver [req-270d3abb-e482-477f-9382-52f31ac8987d - -] sending reply msg_id: a1954760463749cba8450c458718dfae reply queue: reply_9db34f84709d4a478ce60b9829323d98 time elapsed: 0.12577017s _send_reply /usr/local/lib/python2.7/dist-packages/oslo_messaging/_drivers/amqpdriver.py:74
2017-03-07 19:27:20.887 9122 DEBUG oslo_messaging._drivers.amqpdriver [-] received message msg_id: 27d1eda6625f4d4db37be850644e4ffa reply to reply_bd460a1c57c44b4788a3a29839eb3872 __call__ /usr/local/lib/python2.7/dist-packages/oslo_messaging/_drivers/amqpdriver.py:201
2017-03-07 19:27:20.888 9122 DEBUG neutron.plugins.ml2.rpc [req-6b5b5f30-0e22-41ea-9543-53f083ed7026 - -] Device 42b0f722-656b-4931-b232-f34a93bf24c9 details requested by agent ovs-agent-CNODE3 with host CNODE3 get_device_details /opt/stack/neutron/neutron/plugins/ml2/rpc.py:72
2017-03-07 19:27:20.929 9122 DEBUG neutron.plugins.ml2.db [req-6b5b5f30-0e22-41ea-9543-53f083ed7026 - -] For port 42b0f722-656b-4931-b232-f34a93bf24c9, host CNODE3, got binding levels [<neutron.plugins.ml2.models.PortBindingLevel[object at 7f2c5e655750] {port_id=u'42b0f722-656b-4931-b232-f34a93bf24c9', host=u'CNODE3', level=0, driver=u'openvswitch', segment_id=u'de77152e-33d6-4f19-95a7-17b56d933c2d'}>] get_binding_levels /opt/stack/neutron/neutron/plugins/ml2/db.py:184
2017-03-07 19:27:20.944 9122 DEBUG neutron.plugins.ml2.db [req-6b5b5f30-0e22-41ea-9543-53f083ed7026 - -] For port 42b0f722-656b-4931-b232-f34a93bf24c9, host CNODE3, got binding levels [<neutron.plugins.ml2.models.PortBindingLevel[object at 7f2c5e655750] {port_id=u'42b0f722-656b-4931-b232-f34a93bf24c9', host=u'CNODE3', level=0, driver=u'openvswitch', segment_id=u'de77152e-33d6-4f19-95a7-17b56d933c2d'}>] get_binding_levels /opt/stack/neutron/neutron/plugins/ml2/db.py:184
2017-03-07 19:27:20.949 9122 DEBUG neutron.plugins.ml2.rpc [req-6b5b5f30-0e22-41ea-9543-53f083ed7026 - -] Returning: {'profile': {}, 'network_qos_policy_id': None, 'allowed_address_pairs': [], 'segmentation_id': 1073, 'device_owner': u'network:router_interface', 'device': u'42b0f722-656b-4931-b232-f34a93bf24c9', 'port_security_enabled': False, 'fixed_ips': [{'subnet_id': u'01c5b75e-d436-4a0e-aa6f-2f26f731ae27', 'ip_address': u'fd81:e9bb:efcc::1'}], 'qos_policy_id': None, 'admin_state_up': True, 'network_id': u'e9c73c8a-3324-42b3-b32b-9352d852b1b4', 'port_id': u'42b0f722-656b-4931-b232-f34a93bf24c9', 'physical_network': None, 'mac_address': u'fa:16:3e:f8:eb:31', 'network_type': u'vxlan'} get_device_details /opt/stack/neutron/neutron/plugins/ml2/rpc.py:131
2017-03-07 19:27:20.949 9122 DEBUG oslo_messaging._drivers.amqpdriver [req-6b5b5f30-0e22-41ea-9543-53f083ed7026 - -] sending reply msg_id: 27d1eda6625f4d4db37be850644e4ffa reply queue: reply_bd460a1c57c44b4788a3a29839eb3872 time elapsed: 0.0618546189999s _send_reply /usr/local/lib/python2.7/dist-packages/oslo_messaging/_drivers/amqpdriver.py:74
2017-03-07 19:27:20.990 9122 DEBUG oslo_messaging._drivers.amqpdriver [-] received message msg_id: 2f76c805af12432db00515d733f19b71 reply to reply_bd460a1c57c44b4788a3a29839eb3872 __call__ /usr/local/lib/python2.7/dist-packages/oslo_messaging/_drivers/amqpdriver.py:201
2017-03-07 19:27:20.991 9122 DEBUG neutron.plugins.ml2.rpc [req-6b5b5f30-0e22-41ea-9543-53f083ed7026 - -] Device 42b0f722-656b-4931-b232-f34a93bf24c9 up at agent ovs-agent-CNODE3 update_device_up /opt/stack/neutron/neutron/plugins/ml2/rpc.py:207
2017-03-07 19:27:21.041 9122 DEBUG neutron.plugins.ml2.db [req-6b5b5f30-0e22-41ea-9543-53f083ed7026 - -] For port 42b0f722-656b-4931-b232-f34a93bf24c9, host CNODE3, got binding levels [<neutron.plugins.ml2.models.PortBindingLevel[object at 7f2c5e9e2e50] {port_id=u'42b0f722-656b-4931-b232-f34a93bf24c9', host=u'CNODE3', level=0, driver=u'openvswitch', segment_id=u'de77152e-33d6-4f19-95a7-17b56d933c2d'}>] get_binding_levels /opt/stack/neutron/neutron/plugins/ml2/db.py:184
2017-03-07 19:27:21.061 9122 DEBUG neutron.callbacks.manager [req-6b5b5f30-0e22-41ea-9543-53f083ed7026 - -] Notify callbacks for port, after_update _notify_loop /opt/stack/neutron/neutron/callbacks/manager.py:138
2017-03-07 19:27:21.061 9122 DEBUG neutron.callbacks.manager [req-6b5b5f30-0e22-41ea-9543-53f083ed7026 - -] Calling callback neutron.db.l3_hascheduler_db._notify_l3_agent_ha_port_update _notify_loop /opt/stack/neutron/neutron/callbacks/manager.py:145
2017-03-07 19:27:21.061 9122 DEBUG neutron.callbacks.manager [req-6b5b5f30-0e22-41ea-9543-53f083ed7026 - -] Calling callback neutron.db.l3_dvrscheduler_db._notify_l3_agent_port_update _notify_loop /opt/stack/neutron/neutron/callbacks/manager.py:145
2017-03-07 19:27:21.062 9122 DEBUG oslo_messaging._drivers.amqpdriver [req-6b5b5f30-0e22-41ea-9543-53f083ed7026 - -] sending reply msg_id: 2f76c805af12432db00515d733f19b71 reply queue: reply_bd460a1c57c44b4788a3a29839eb3872 time elapsed: 0.0710927170003s _send_reply /usr/local/lib/python2.7/dist-packages/oslo_messaging/_drivers/amqpdriver.py:74
2017-03-07 19:27:21.551 9119 DEBUG neutron.wsgi [-] (9119) accepted ('10.62.11.15', 38724) server /usr/local/lib/python2.7/dist-packages/eventlet/wsgi.py:867
2017-03-07 19:27:21.585 9119 INFO neutron.wsgi [req-944657c7-2207-43e3-9b5a-96367002f28f admin -] 10.62.11.15 - - [07/Mar/2017 19:27:21] "GET /v2.0/ports.json HTTP/1.1" 200 3697 0.033570
2017-03-07 19:27:21.689 9123 DEBUG oslo_messaging._drivers.amqpdriver [-] received message msg_id: a219c95d9da44631897c857cf72270ba reply to reply_78cfcc22eb554e7b9f1341f76d177ef3 __call__ /usr/local/lib/python2.7/dist-packages/oslo_messaging/_drivers/amqpdriver.py:201
2017-03-07 19:27:21.699 9123 DEBUG oslo_messaging._drivers.amqpdriver [req-107958de-4d02-4111-aeb8-709f73acf41c - -] sending reply msg_id: a219c95d9da44631897c857cf72270ba reply queue: reply_78cfcc22eb554e7b9f1341f76d177ef3 time elapsed: 0.00928507000026s _send_reply /usr/local/lib/python2.7/dist-packages/oslo_messaging/_drivers/amqpdriver.py:74
2017-03-07 19:27:24.965 9122 DEBUG oslo_messaging._drivers.amqpdriver [-] received message msg_id: b69dd330213a436190b24c79442fc2c9 reply to reply_9db34f84709d4a478ce60b9829323d98 __call__ /usr/local/lib/python2.7/dist-packages/oslo_messaging/_drivers/amqpdriver.py:201
2017-03-07 19:27:24.976 9122 DEBUG oslo_messaging._drivers.amqpdriver [req-270d3abb-e482-477f-9382-52f31ac8987d - -] sending reply msg_id: b69dd330213a436190b24c79442fc2c9 reply queue: reply_9db34f84709d4a478ce60b9829323d98 time elapsed: 0.0102249680003s _send_reply /usr/local/lib/python2.7/dist-packages/oslo_messaging/_drivers/amqpdriver.py:74
2017-03-07 19:27:28.083 9123 DEBUG oslo_messaging._drivers.amqpdriver [-] received message msg_id: None reply to None __call__ /usr/local/lib/python2.7/dist-packages/oslo_messaging/_drivers/amqpdriver.py:201
2017-03-07 19:27:31.199 9029 DEBUG oslo_messaging._drivers.amqpdriver [-] received message msg_id: None reply to None __call__ /usr/local/lib/python2.7/dist-packages/oslo_messaging/_drivers/amqpdriver.py:201
2017-03-07 19:27:43.731 9029 DEBUG neutron.db.agents_db [req-6de69f4e-89e5-4029-b236-0c7f9b48bba9 - -] Agent healthcheck: found 5 active agents agent_health_check /opt/stack/neutron/neutron/db/agents_db.py:301
2017-03-07 19:27:48.766 9122 DEBUG oslo_messaging._drivers.amqpdriver [-] received message msg_id: 747a8729cc714569b55ff3d0a0ae1c2a reply to reply_bd460a1c57c44b4788a3a29839eb3872 __call__ /usr/local/lib/python2.7/dist-packages/oslo_messaging/_drivers/amqpdriver.py:201
2017-03-07 19:27:48.779 9122 DEBUG oslo_messaging._drivers.amqpdriver [req-6b5b5f30-0e22-41ea-9543-53f083ed7026 - -] sending reply msg_id: 747a8729cc714569b55ff3d0a0ae1c2a reply queue: reply_bd460a1c57c44b4788a3a29839eb3872 time elapsed: 0.0125209070002s _send_reply /usr/local/lib/python2.7/dist-packages/oslo_messaging/_drivers/amqpdriver.py:74
2017-03-07 19:27:51.694 9123 DEBUG oslo_messaging._drivers.amqpdriver [-] received message msg_id: 7614a2776890487aa9d1f34016c885fd reply to reply_78cfcc22eb554e7b9f1341f76d177ef3 __call__ /usr/local/lib/python2.7/dist-packages/oslo_messaging/_drivers/amqpdriver.py:201
2017-03-07 19:27:51.701 9123 DEBUG oslo_messaging._drivers.amqpdriver [req-5a339bdb-95a7-45a3-a367-5f0b725ed4ef - -] sending reply msg_id: 7614a2776890487aa9d1f34016c885fd reply queue: reply_78cfcc22eb554e7b9f1341f76d177ef3 time elapsed: 0.00725961300031s _send_reply /usr/local/lib/python2.7/dist-packages/oslo_messaging/_drivers/amqpdriver.py:74
2017-03-07 19:27:54.961 9122 DEBUG oslo_messaging._drivers.amqpdriver [-] received message msg_id: 86b2aaa80d6f4962bd019d0c340a00a4 reply to reply_9db34f84709d4a478ce60b9829323d98 __call__ /usr/local/lib/python2.7/dist-packages/oslo_messaging/_drivers/amqpdriver.py:201
2017-03-07 19:27:54.974 9122 DEBUG oslo_messaging._drivers.amqpdriver [req-270d3abb-e482-477f-9382-52f31ac8987d - -] sending reply msg_id: 86b2aaa80d6f4962bd019d0c340a00a4 reply queue: reply_9db34f84709d4a478ce60b9829323d98 time elapsed: 0.0132735540001s _send_reply /usr/local/lib/python2.7/dist-packages/oslo_messaging/_drivers/amqpdriver.py:74
2017-03-07 19:27:58.084 9123 DEBUG oslo_messaging._drivers.amqpdriver [-] received message msg_id: None reply to None __call__ /usr/local/lib/python2.7/dist-packages/oslo_messaging/_drivers/amqpdriver.py:201
2017-03-07 19:28:01.200 9029 DEBUG oslo_messaging._drivers.amqpdriver [-] received message msg_id: None reply to None __call__ /usr/local/lib/python2.7/dist-packages/oslo_messaging/_drivers/amqpdriver.py:201
2017-03-07 19:28:18.765 9122 DEBUG oslo_messaging._drivers.amqpdriver [-] received message msg_id: d8d48638850a41b491ff3dca3249e3c8 reply to reply_bd460a1c57c44b4788a3a29839eb3872 __call__ /usr/local/lib/python2.7/dist-packages/oslo_messaging/_drivers/amqpdriver.py:201
2017-03-07 19:28:18.772 9122 DEBUG oslo_messaging._drivers.amqpdriver [req-6b5b5f30-0e22-41ea-9543-53f083ed7026 - -] sending reply msg_id: d8d48638850a41b491ff3dca3249e3c8 reply queue: reply_bd460a1c57c44b4788a3a29839eb3872 time elapsed: 0.00712003399985s _send_reply /usr/local/lib/python2.7/dist-packages/oslo_messaging/_drivers/amqpdriver.py:74
2017-03-07 19:28:20.725 9029 DEBUG neutron.db.agents_db [req-6de69f4e-89e5-4029-b236-0c7f9b48bba9 - -] Agent healthcheck: found 5 active agents agent_health_check /opt/stack/neutron/neutron/db/agents_db.py:301
2017-03-07 19:28:21.696 9123 DEBUG oslo_messaging._drivers.amqpdriver [-] received message msg_id: 041259942ab148e3b31da67a7e6d1c8a reply to reply_78cfcc22eb554e7b9f1341f76d177ef3 __call__ /usr/local/lib/python2.7/dist-packages/oslo_messaging/_drivers/amqpdriver.py:201
2017-03-07 19:28:21.703 9123 DEBUG oslo_messaging._drivers.amqpdriver [req-7de9aadf-5c1c-422c-b110-551a4fdfe695 - -] sending reply msg_id: 041259942ab148e3b31da67a7e6d1c8a reply queue: reply_78cfcc22eb554e7b9f1341f76d177ef3 time elapsed: 0.00721983300082s _send_reply /usr/local/lib/python2.7/dist-packages/oslo_messaging/_drivers/amqpdriver.py:74
2017-03-07 19:28:24.959 9122 DEBUG oslo_messaging._drivers.amqpdriver [-] received message msg_id: 92ed894ef9bb4867a11fffe73f05a36e reply to reply_9db34f84709d4a478ce60b9829323d98 __call__ /usr/local/lib/python2.7/dist-packages/oslo_messaging/_drivers/amqpdriver.py:201
2017-03-07 19:28:24.971 9122 DEBUG oslo_messaging._drivers.amqpdriver [req-270d3abb-e482-477f-9382-52f31ac8987d - -] sending reply msg_id: 92ed894ef9bb4867a11fffe73f05a36e reply queue: reply_9db34f84709d4a478ce60b9829323d98 time elapsed: 0.0115982839998s _send_reply /usr/local/lib/python2.7/dist-packages/oslo_messaging/_drivers/amqpdriver.py:74
2017-03-07 19:28:28.086 9123 DEBUG oslo_messaging._drivers.amqpdriver [-] received message msg_id: None reply to None __call__ /usr/local/lib/python2.7/dist-packages/oslo_messaging/_drivers/amqpdriver.py:201
2017-03-07 19:28:31.202 9029 DEBUG oslo_messaging._drivers.amqpdriver [-] received message msg_id: None reply to None __call__ /usr/local/lib/python2.7/dist-packages/oslo_messaging/_drivers/amqpdriver.py:201
2017-03-07 19:28:48.771 9122 DEBUG oslo_messaging._drivers.amqpdriver [-] received message msg_id: 687b7952db7348cb802039fa5b11dd60 reply to reply_bd460a1c57c44b4788a3a29839eb3872 __call__ /usr/local/lib/python2.7/dist-packages/oslo_messaging/_drivers/amqpdriver.py:201
2017-03-07 19:28:48.786 9122 DEBUG oslo_messaging._drivers.amqpdriver [req-6b5b5f30-0e22-41ea-9543-53f083ed7026 - -] sending reply msg_id: 687b7952db7348cb802039fa5b11dd60 reply queue: reply_bd460a1c57c44b4788a3a29839eb3872 time elapsed: 0.0148186309998s _send_reply /usr/local/lib/python2.7/dist-packages/oslo_messaging/_drivers/amqpdriver.py:74
2017-03-07 19:28:51.701 9123 DEBUG oslo_messaging._drivers.amqpdriver [-] received message msg_id: cd3ccb7e188f4ff7b94a0d22c050bf64 reply to reply_78cfcc22eb554e7b9f1341f76d177ef3 __call__ /usr/local/lib/python2.7/dist-packages/oslo_messaging/_drivers/amqpdriver.py:201
2017-03-07 19:28:51.717 9123 DEBUG oslo_messaging._drivers.amqpdriver [req-4283746a-06c1-48dd-8d70-0916a22fe2ed - -] sending reply msg_id: cd3ccb7e188f4ff7b94a0d22c050bf64 reply queue: reply_78cfcc22eb554e7b9f1341f76d177ef3 time elapsed: 0.0150626249997s _send_reply /usr/local/lib/python2.7/dist-packages/oslo_messaging/_drivers/amqpdriver.py:74
2017-03-07 19:28:54.957 9122 DEBUG oslo_messaging._drivers.amqpdriver [-] received message msg_id: 9c6e04ca5a21485bae5f5b28d2eb26cc reply to reply_9db34f84709d4a478ce60b9829323d98 __call__ /usr/local/lib/python2.7/dist-packages/oslo_messaging/_drivers/amqpdriver.py:201
2017-03-07 19:28:54.970 9122 DEBUG oslo_messaging._drivers.amqpdriver [req-270d3abb-e482-477f-9382-52f31ac8987d - -] sending reply msg_id: 9c6e04ca5a21485bae5f5b28d2eb26cc reply queue: reply_9db34f84709d4a478ce60b9829323d98 time elapsed: 0.0127098740004s _send_reply /usr/local/lib/python2.7/dist-packages/oslo_messaging/_drivers/amqpdriver.py:74
2017-03-07 19:28:57.733 9029 DEBUG neutron.db.agents_db [req-6de69f4e-89e5-4029-b236-0c7f9b48bba9 - -] Agent healthcheck: found 5 active agents agent_health_check /opt/stack/neutron/neutron/db/agents_db.py:301
2017-03-07 19:28:58.090 9123 DEBUG oslo_messaging._drivers.amqpdriver [-] received message msg_id: None reply to None __call__ /usr/local/lib/python2.7/dist-packages/oslo_messaging/_drivers/amqpdriver.py:201
2017-03-07 19:29:01.206 9029 DEBUG oslo_messaging._drivers.amqpdriver [-] received message msg_id: None reply to None __call__ /usr/local/lib/python2.7/dist-packages/oslo_messaging/_drivers/amqpdriver.py:201
2017-03-07 19:29:18.767 9122 DEBUG oslo_messaging._drivers.amqpdriver [-] received message msg_id: 58e7b0fd68314d41b18912a874c664b8 reply to reply_bd460a1c57c44b4788a3a29839eb3872 __call__ /usr/local/lib/python2.7/dist-packages/oslo_messaging/_drivers/amqpdriver.py:201
2017-03-07 19:29:18.781 9122 DEBUG oslo_messaging._drivers.amqpdriver [req-6b5b5f30-0e22-41ea-9543-53f083ed7026 - -] sending reply msg_id: 58e7b0fd68314d41b18912a874c664b8 reply queue: reply_bd460a1c57c44b4788a3a29839eb3872 time elapsed: 0.0140640649997s _send_reply /usr/local/lib/python2.7/dist-packages/oslo_messaging/_drivers/amqpdriver.py:74
2017-03-07 19:29:21.697 9123 DEBUG oslo_messaging._drivers.amqpdriver [-] received message msg_id: 3f417c7cfb9a4882a9e51c4b3409d74e reply to reply_78cfcc22eb554e7b9f1341f76d177ef3 __call__ /usr/local/lib/python2.7/dist-packages/oslo_messaging/_drivers/amqpdriver.py:201
2017-03-07 19:29:21.712 9123 DEBUG oslo_messaging._drivers.amqpdriver [req-cba20519-6841-45ec-9185-bbc00c54596f - -] sending reply msg_id: 3f417c7cfb9a4882a9e51c4b3409d74e reply queue: reply_78cfcc22eb554e7b9f1341f76d177ef3 time elapsed: 0.0133593749997s _send_reply /usr/local/lib/python2.7/dist-packages/oslo_messaging/_drivers/amqpdriver.py:74
2017-03-07 19:29:24.958 9122 DEBUG oslo_messaging._drivers.amqpdriver [-] received message msg_id: 3f2a2a5f28a24e238618c887a21c94f5 reply to reply_9db34f84709d4a478ce60b9829323d98 __call__ /usr/local/lib/python2.7/dist-packages/oslo_messaging/_drivers/amqpdriver.py:201
2017-03-07 19:29:24.971 9122 DEBUG oslo_messaging._drivers.amqpdriver [req-270d3abb-e482-477f-9382-52f31ac8987d - -] sending reply msg_id: 3f2a2a5f28a24e238618c887a21c94f5 reply queue: reply_9db34f84709d4a478ce60b9829323d98 time elapsed: 0.0131622919998s _send_reply /usr/local/lib/python2.7/dist-packages/oslo_messaging/_drivers/amqpdriver.py:74
2017-03-07 19:29:28.094 9123 DEBUG oslo_messaging._drivers.amqpdriver [-] received message msg_id: None reply to None __call__ /usr/local/lib/python2.7/dist-packages/oslo_messaging/_drivers/amqpdriver.py:201
2017-03-07 19:29:31.210 9029 DEBUG oslo_messaging._drivers.amqpdriver [-] received message msg_id: None reply to None __call__ /usr/local/lib/python2.7/dist-packages/oslo_messaging/_drivers/amqpdriver.py:201
2017-03-07 19:29:34.732 9029 DEBUG neutron.db.agents_db [req-6de69f4e-89e5-4029-b236-0c7f9b48bba9 - -] Agent healthcheck: found 5 active agents agent_health_check /opt/stack/neutron/neutron/db/agents_db.py:301
2017-03-07 19:29:35.100 9121 INFO neutron.wsgi [-] (9121) wsgi exited, is_accepting=True
2017-03-07 19:29:35.100 9120 INFO neutron.wsgi [-] (9120) wsgi exited, is_accepting=True
2017-03-07 19:29:35.100 9122 DEBUG neutron.service [-] calling RpcWorker stop() stop /opt/stack/neutron/neutron/service.py:166
2017-03-07 19:29:35.100 9123 DEBUG neutron.service [-] calling RpcWorker stop() stop /opt/stack/neutron/neutron/service.py:166
2017-03-07 19:29:35.100 9119 INFO neutron.wsgi [-] (9119) wsgi exited, is_accepting=True
2017-03-07 19:29:35.101 9123 DEBUG neutron.service [-] calling stop on <oslo_messaging.server.MessageHandlingServer object at 0x7f2c5eaebe10> stop /opt/stack/neutron/neutron/service.py:169
2017-03-07 19:29:35.101 9122 DEBUG neutron.service [-] calling stop on <oslo_messaging.server.MessageHandlingServer object at 0x7f2c5eaebf10> stop /opt/stack/neutron/neutron/service.py:169
2017-03-07 19:29:35.101 9122 DEBUG neutron.service [-] calling stop on <oslo_messaging.server.MessageHandlingServer object at 0x7f2c5eae1c90> stop /opt/stack/neutron/neutron/service.py:169
2017-03-07 19:29:35.101 9120 DEBUG oslo_concurrency.lockutils [req-ac769a75-c566-4e77-87c0-37f8324f6463 - -] Acquired semaphore "singleton_lock" lock /usr/local/lib/python2.7/dist-packages/oslo_concurrency/lockutils.py:212
2017-03-07 19:29:35.101 9119 DEBUG oslo_concurrency.lockutils [req-ac769a75-c566-4e77-87c0-37f8324f6463 - -] Acquired semaphore "singleton_lock" lock /usr/local/lib/python2.7/dist-packages/oslo_concurrency/lockutils.py:212
2017-03-07 19:29:35.101 9121 DEBUG oslo_concurrency.lockutils [req-ac769a75-c566-4e77-87c0-37f8324f6463 - -] Acquired semaphore "singleton_lock" lock /usr/local/lib/python2.7/dist-packages/oslo_concurrency/lockutils.py:212
2017-03-07 19:29:35.101 9120 DEBUG oslo_concurrency.lockutils [req-ac769a75-c566-4e77-87c0-37f8324f6463 - -] Releasing semaphore "singleton_lock" lock /usr/local/lib/python2.7/dist-packages/oslo_concurrency/lockutils.py:225
2017-03-07 19:29:35.101 9122 DEBUG neutron.service [-] calling stop on <oslo_messaging.server.MessageHandlingServer object at 0x7f2c5eafa7d0> stop /opt/stack/neutron/neutron/service.py:169
2017-03-07 19:29:35.101 9119 DEBUG oslo_concurrency.lockutils [req-ac769a75-c566-4e77-87c0-37f8324f6463 - -] Releasing semaphore "singleton_lock" lock /usr/local/lib/python2.7/dist-packages/oslo_concurrency/lockutils.py:225
2017-03-07 19:29:35.101 9123 DEBUG oslo_concurrency.lockutils [req-ac769a75-c566-4e77-87c0-37f8324f6463 - -] Acquired semaphore "singleton_lock" lock /usr/local/lib/python2.7/dist-packages/oslo_concurrency/lockutils.py:212
2017-03-07 19:29:35.102 9121 DEBUG oslo_concurrency.lockutils [req-ac769a75-c566-4e77-87c0-37f8324f6463 - -] Releasing semaphore "singleton_lock" lock /usr/local/lib/python2.7/dist-packages/oslo_concurrency/lockutils.py:225
2017-03-07 19:29:35.102 9123 DEBUG oslo_concurrency.lockutils [req-ac769a75-c566-4e77-87c0-37f8324f6463 - -] Releasing semaphore "singleton_lock" lock /usr/local/lib/python2.7/dist-packages/oslo_concurrency/lockutils.py:225
2017-03-07 19:29:35.102 9122 DEBUG neutron.service [-] calling stop on <oslo_messaging.server.MessageHandlingServer object at 0x7f2c5eaa85d0> stop /opt/stack/neutron/neutron/service.py:169
2017-03-07 19:29:35.102 9123 DEBUG neutron.service [req-ac769a75-c566-4e77-87c0-37f8324f6463 - -] calling RpcWorker wait() _wait /opt/stack/neutron/neutron/service.py:156
2017-03-07 19:29:35.102 9123 DEBUG neutron.service [req-ac769a75-c566-4e77-87c0-37f8324f6463 - -] calling wait on <oslo_messaging.server.MessageHandlingServer object at 0x7f2c5eaebe10> _wait /opt/stack/neutron/neutron/service.py:159
2017-03-07 19:29:35.102 9122 DEBUG oslo_concurrency.lockutils [req-ac769a75-c566-4e77-87c0-37f8324f6463 - -] Acquired semaphore "singleton_lock" lock /usr/local/lib/python2.7/dist-packages/oslo_concurrency/lockutils.py:212
2017-03-07 19:29:35.103 9122 DEBUG oslo_concurrency.lockutils [req-ac769a75-c566-4e77-87c0-37f8324f6463 - -] Releasing semaphore "singleton_lock" lock /usr/local/lib/python2.7/dist-packages/oslo_concurrency/lockutils.py:225
2017-03-07 19:29:35.103 9122 DEBUG neutron.service [req-ac769a75-c566-4e77-87c0-37f8324f6463 - -] calling RpcWorker wait() _wait /opt/stack/neutron/neutron/service.py:156
2017-03-07 19:29:35.103 9122 DEBUG neutron.service [req-ac769a75-c566-4e77-87c0-37f8324f6463 - -] calling wait on <oslo_messaging.server.MessageHandlingServer object at 0x7f2c5eaebf10> _wait /opt/stack/neutron/neutron/service.py:159
2017-03-07 19:29:35.956 9029 INFO oslo_service.service [-] Caught SIGTERM, stopping children
2017-03-07 19:29:35.957 9029 DEBUG oslo_concurrency.lockutils [-] Acquired semaphore "singleton_lock" lock /usr/local/lib/python2.7/dist-packages/oslo_concurrency/lockutils.py:212
2017-03-07 19:29:35.957 9029 DEBUG oslo_concurrency.lockutils [-] Releasing semaphore "singleton_lock" lock /usr/local/lib/python2.7/dist-packages/oslo_concurrency/lockutils.py:225
2017-03-07 19:29:35.958 9029 DEBUG oslo_service.service [-] Stop services. stop /usr/local/lib/python2.7/dist-packages/oslo_service/service.py:583
2017-03-07 19:29:35.958 9029 DEBUG oslo_service.service [-] Killing children. stop /usr/local/lib/python2.7/dist-packages/oslo_service/service.py:588
2017-03-07 19:29:35.958 9029 INFO oslo_service.service [-] Waiting on 3 children to exit
2017-03-07 19:29:35.959 9029 INFO oslo_service.service [-] Child 9119 exited with status 0
2017-03-07 19:29:35.959 9029 INFO oslo_service.service [-] Child 9120 exited with status 0
2017-03-07 19:29:35.959 9029 INFO oslo_service.service [-] Child 9121 exited with status 0
2017-03-07 19:29:35.960 9029 INFO oslo_service.service [-] Wait called after thread killed. Cleaning up.
2017-03-07 19:29:35.960 9029 DEBUG oslo_service.service [-] Stop services. stop /usr/local/lib/python2.7/dist-packages/oslo_service/service.py:583
2017-03-07 19:29:35.960 9029 DEBUG neutron.service [-] calling RpcWorker stop() stop /opt/stack/neutron/neutron/service.py:166
2017-03-07 19:29:35.961 9029 DEBUG neutron.service [-] calling RpcWorker stop() stop /opt/stack/neutron/neutron/service.py:166
2017-03-07 19:29:35.961 9029 DEBUG oslo_service.service [-] Killing children. stop /usr/local/lib/python2.7/dist-packages/oslo_service/service.py:588
2017-03-07 19:29:35.961 9029 INFO oslo_service.service [-] Waiting on 2 children to exit
2017-03-07 19:29:35.969 9029 INFO oslo_service.service [-] Child 9123 killed by signal 15
2017-03-07 19:29:35.971 9029 INFO oslo_service.service [-] Child 9122 killed by signal 15
attodev@CNODE3:/tmp/devstack$ 